PM.EXE        DOS-версия программы
PM-P.EXE      DPMI-версия программы (для тех, у кого большие поинтлисты, которые
              не может обрабатывать DOS-версия), отличается только тем, что мо-
              жет использовать много памяти, ну и более надежная и NT-ю, если
              надо, вешает за 5 сек. :)
PM.CTL        Основной конфигурационный файл
PWD.CTL       Вторая его часть, где задаются пароли и т.п.
RULES.CTL     И, наконец, третья часть, где задаются правила для проверки на
              правильность поинтстрок
PM.DOC        Будущая докуменатция...пока там только Thank's-ы и описаны ограни-
              чения DOS и DPMI-версий
HISTORY       кратенькая история, которую надо читать сверху вниз ;)
README!       то, что вы должны были прочитать в первую очередь (если это было
              не так, напишите мне, плиз, будем называть файл по-другому, типа
              !!!!!!!, чтобы вы все-таки читали его в первую очередь :)
VARIABLE.LST  список почти всех команд и переменных, заданных и используемых в
              программе, с кратким описанием (не описал еще до конца)
FILES.LST     ни за что не угадаете, пока не прочитаете
REGISTER.ME   Регистрационная карта, на овпросы которой необходимо ответить и
              прислать эти ответы мне, чтобы получить персональный регистраци-
              онный ключ
\SCRIPT\*.*   Здесь лежат примеры скриптов
\TEMPLATE\*.* Тут лежат темплейты, есть русские и английские, последние я пыта-
              лся перевести, получилось не очень и еще не все перевел, кто помо-
              жет - скажу спасибо :)
\DPMI\*.*     Здесь лежат файлы, необходимые для запуска DPMI-версии программы
              (как PointMaster, так и Simple PointList Editor), положите их или
              в директорию программы или туда, где их можно достать через PATH
\BONUSPCK\*.* Здесь лежит бонус-пак ;) Simple PointList Editor, сырой редакции,
              но рабочий :)
