;;;;;;;;;;;;;;;;;;;;;;;;;;;;;;;;;;;;;;;;;;;;;;;;;;;;;;;;;;;;;;;;;;;;;;;;;;;;;;;
; Список почти всех команд и пеpеменных, yже заданных и использyемых в pаботе
; пpогpаммы, описал очень кратко, некоторые вообще не описал ;)
; P.S. Не описана еще половина, кому надо -пишите :)
;;;;;;;;;;;;;;;;;;;;;;;;;;;;;;;;;;;;;;;;;;;;;;;;;;;;;;;;;;;;;;;;;;;;;;;;;;;;;;;
#Include         Подключить для обработки файл
#Define          Задает переменную
#Script          Запускает скрипт
#Segment         Заменяется на сегмент поинтлиста текущего босса
#ErrorsInList    Заменяется на ошибки в поинтлистах (dupe bosses, левые строки
                 и т.п.)
#ErrorsInMessage Заменяется на ошибки поинтстрок в письме
#ErrorsInSegment Заменяется на ошибки в сегментах поинтлиста
#Statistic       Заменяется на статистику обработок писем текущего босса
#MessageBody     Заменяется на тело обрабатываемого письма
#LoadListSegment Подгружает сегмент поинтлиста в память
#Crc32           Подсчитывает crc32 файла и заносит его в переменную %CRC%

$TmpLst$.$$$     Файл временного поинтлиста, если он есть на диске, значит про-
                 изошла какая-то ошибка, потому как его не должно быть :)
$Pm$.swp         Своп-файл DOS-версии (под real-mode ;), когда она запускает
                 внешнюю программу; появляется только тогда, когда нет EMS-памя-
                 ти.
PM.ERR           Файл, создающийся при внутренней ошибке периода исполнения
                 (run-time error)

%ConfigName%             Имя конифгурационного файла.
%Version%                Текущая версия программы
%DeleteListAfterProcess% Удалять ли поинтлисты после загрузки их в память
%DestPointList%          Конечный поинтлист, который будет создан при команде
                         /BUILD или при обработке писем
%PointList%              Поинтлист (-ы), которые загружать в память при обробо-
                         тке писем
%CommentsBeforeBoss%     Если Yes, комментарии в поинтлисте идут до строки Boss,
%AddSemicolonAfterEach%  Добавлять ли в конечный поинтлист точку в запятой после
                         каждого босса (после его поинтов)
%UseValidate%            Использовать ли проверку поинтстроки на правильность
%CurDate%                Текущая дата в формате ДД/ММ/ГГГГ
%CurTime%                Текущее время в формате ЧЧ:ММ:СС
%DoW%                    Текущий день недели (Monday, Sunday etc)
%Crc%                    CRC32 файла, предварительно полученное командой #crc32
%DoY%                    Номер текущего дня (от 1 до 365)
%Domain%                 Домен сети, для которой строится поинтлист (берется из
                         %MasterAddress%)
%Year%                   Текущий год в формате ГГГГ
%Month%                  Норме текущего месяца
%Day%                    Текущий день месяца
%Month_Name%             Имя текущего месяца (January, Febrary etc.)
%PhoneMask%              Маска (-и) телефона, под которые должен подходить теле-
                         фон поинта в проверяемой строке)
%SpeedFlags%             Маска скорости, под которую должна подходить скорость
                         поинта в проверяемой строке
%SystemFlags%            Маска (-и) системных флагов, под которые должны подхо-
                         дить системные флаги поинта в проверяемой строке
%UserFlags%              Маска (-и) пользовательских флагов, под которые должны
                         подходить пользовательские флаги поинта в проверяемой
                         строке
%ImpliesFlags%           Маска (-и) излишних флагов
%OS_Type%                Название OS, под которой запущена программа (DOS, Win-
                         dows 95/NT, OS/2 etc.)
%Language%               Язык для внутренних сообщений (Eng or Rus)
%AllowedChars%           Разрешенные символы в поинтстроке
%GetExcludeFromNodeList% Обработать нодлист (-ы) и построить индексный файл ис-
                         ключаемых из поинтлиста боссов (в соответствии с
                         %ExcludeStatus%)
%ExcludeStatus%          Боссов с каким статусом вносить в список исключаемых
                         боссов
%Exclude%                Исключить из поинтлиста боссов, подходящих под маску
%BuildPointList%         Если Yes, то будет построен %DestPointList% из %List-
                         Segment%-ов
%ProcessMsg%             Если Yes, то будет производиться поиск писем к програ-
                         мме и их обработка
%Task%                   Нормер текущей "задачи" ;)
%MasterName%             Имя программы, на которое(-ые) будет откликаться про-
                         грамма при поиске писем
%SysopName%              Имя сисопа (вас)
%SysopAddress%           Адрес сисопа (ваш)
%FromFName%              Имя автора письма к программе
%FromLName%              Фамилия автора письма к программе
%FromFullName%           Имя и фамилия автора письма к программе
%FromAddress%            Адрес автора письма к программе
%FromPwd%                Пароль (из поля Subj) автора письма к программе
%MustPwd%                Ожидаемый пароль (если он задан для адреса автора
                         письма)
%Pwd%                    Пароль (-и) для определенный адресов
%Bounce%                 Не обрабатывать письма в адресов, подходящих под ма-
                         ску
%MasterAddress%          Адрес программы, на который будут искаться письма
%Log%                    Имя лог-файла
%LogPntStringErrors%     Писать ли в лог-файл ошибки в обрабатываемых поинт-
                         строках
%LogSize%                Размер лог-файла, при достижении кторого он будет у-
                         резаться
%BinaryStatFile%         Имя файла, в котром будет храниться небольшая стати-
                         стика обработанных писем
%ListSegment%            Сегмент(-ы) поинтлиста, из которых будет построен Dest-
                         PointList по команде /BUILD
%NetMailPath%            Путь к нетмаил-директории, где будут производиться по-
                         иск писем к программе и создание всех писем
%CurMsg%                 Имя текущего обрабатываемого письма
%SafeMsgMode%            Если Yes, то используется "безопасный" поиск писем к
                         программе (для претотвращения проблем при работе раз-
                         ных программ с один письмом)
%SplitChar%              Символ-разделитель, наличие которого в конце поинтстро-
                         ки (в письме) означает, что строка разбита на части (
                         поддерживается 3-х уровневое разбиение)
%DeletePointChars%       Символы-указатели на то, что после них (в письме) идет
                         номер(-а) поинта, которого надо удалить у текущего бо-
                         сса
%BusyFlag%               Путь и имя к бизи-флагу
%FileAttachPath%         Путь, где лежат аттачи (если трекалка удаляет из поля
                         Subj в письме путь и оставляет только имя)
%ProcessFileAttach%      Если письмо с аттачем, то обрабатывать ли его. Yes|No
%Subj%                   Поле Subj, которое будет у создаваемого письма
%From%                   Поле From, которое будет у создаваемого письма
%To%                     Поле To, которое будет у создаваемого письма
%TearLine%               Tearline, который будет у создаваемого письма (хотя он
                         и не нужен ;)
%Origin%                 Origin, который будет у создаваемого письма (хотя он
                         и не нужен ;)
%Request%                Текущий обрабатываемый запрос (%help, %segment etc.)
%DelBosses%              Не используется пока
%AddBosses%              Сколько было добавлено боссов после обработки письма
                         (изменяется после каждого письма), пока >1 не бывает,
                         потому как нельзя чужих добавлять (временно)
%FDelBosses%             Пока не используется
%DelPoints%              Сколько было удалено поинтов
%AddPoints%
%ChgPoints%
%FDelPoints%
%FChgPoints%
%ErrPoints%
%DupeBosses%
%StatString%
%StatDate%
%OnStartScript%
%OnExitScript%
%OnListUpdateScript%
%OnMessagesScript%
%MsgSize%
%LogLevel%
%AddCommentChars%
%ErrorLevel%
%ProcessedMsgAction%
%ProcessedMsgPath%
%Mainpassword%
%Re-Route%
%IgnoreFrom%
%NotifyOnErrors%
%MsgAttrib%
%TimeSlice%
%Segment
%Help
%Statistic
%AllDoneTpl%
%NotForPointTpl%
%NotAnotherBossTpl%
%SegmentRequestTpl%
%HelpRequestTpl%
%StatisticRequestTpl%
%ErrorsInMessageTpl%
%ErrorsInPointListTpl%
%ListHeader%
%ListFooter%
%BadPasswordTpl%
%BounceTpl%
%Re-RouteTpl%
%ExcludeTpl%
%SegmentErrorsTpl%
%Event%
%OnEachMsgBeforeScript%
%OnEachMsgAfterScript%
